[0.147s] DEBUG:colcon:Command line arguments: ['/usr/bin/colcon', 'list', '-p', '--base-paths', '/home/prashanth/Documents/acc_unit']
[0.147s] DEBUG:colcon:Parsed command line arguments: Namespace(log_base=None, log_level=None, verb_name='list', build_base='build', ignore_user_meta=False, metas=['./colcon.meta'], base_paths=['/home/prashanth/Documents/acc_unit'], packages_ignore=None, packages_ignore_regex=None, paths=None, packages_up_to=None, packages_up_to_regex=None, packages_above=None, packages_above_and_dependencies=None, packages_above_depth=None, packages_select_by_dep=None, packages_skip_by_dep=None, packages_skip_up_to=None, packages_select_build_failed=False, packages_skip_build_finished=False, packages_select_test_failures=False, packages_skip_test_passed=False, packages_select=None, packages_skip=None, packages_select_regex=None, packages_skip_regex=None, packages_start=None, packages_end=None, allow_overriding=[], topological_order=False, names_only=False, paths_only=True, topological_graph=False, topological_graph_dot=False, topological_graph_density=False, topological_graph_legend=False, topological_graph_dot_cluster=False, topological_graph_dot_include_skipped=False, mixin_files=None, mixin=None, verb_parser=<colcon_mixin.mixin.mixin_argument.MixinArgumentDecorator object at 0x762cc6a6f6d0>, verb_extension=<colcon_package_information.verb.list.ListVerb object at 0x762cc6a6e710>, main=<bound method ListVerb.main of <colcon_package_information.verb.list.ListVerb object at 0x762cc6a6e710>>, mixin_verb=('list',))
[0.447s] Level 1:colcon.colcon_core.package_discovery:discover_packages(colcon_meta) check parameters
[0.447s] Level 1:colcon.colcon_core.package_discovery:discover_packages(recursive) check parameters
[0.447s] Level 1:colcon.colcon_core.package_discovery:discover_packages(ignore) check parameters
[0.447s] Level 1:colcon.colcon_core.package_discovery:discover_packages(path) check parameters
[0.447s] Level 1:colcon.colcon_core.package_discovery:discover_packages(recursive) discover
[0.448s] INFO:colcon.colcon_core.package_discovery:Crawling recursively for packages in '/home/prashanth/Documents/acc_unit'
[0.448s] Level 1:colcon.colcon_core.package_identification:_identify(/home/prashanth/Documents/acc_unit) by extensions ['ignore', 'ignore_ament_install']
[0.448s] Level 1:colcon.colcon_core.package_identification:_identify(/home/prashanth/Documents/acc_unit) by extension 'ignore'
[0.448s] Level 1:colcon.colcon_core.package_identification:_identify(/home/prashanth/Documents/acc_unit) by extension 'ignore_ament_install'
[0.448s] Level 1:colcon.colcon_core.package_identification:_identify(/home/prashanth/Documents/acc_unit) by extensions ['colcon_pkg']
[0.448s] Level 1:colcon.colcon_core.package_identification:_identify(/home/prashanth/Documents/acc_unit) by extension 'colcon_pkg'
[0.448s] Level 1:colcon.colcon_core.package_identification:_identify(/home/prashanth/Documents/acc_unit) by extensions ['colcon_meta']
[0.449s] Level 1:colcon.colcon_core.package_identification:_identify(/home/prashanth/Documents/acc_unit) by extension 'colcon_meta'
[0.449s] Level 1:colcon.colcon_core.package_identification:_identify(/home/prashanth/Documents/acc_unit) by extensions ['ros']
[0.449s] Level 1:colcon.colcon_core.package_identification:_identify(/home/prashanth/Documents/acc_unit) by extension 'ros'
[0.463s] Level 1:colcon.colcon_core.package_identification:_identify(/home/prashanth/Documents/acc_unit) by extensions ['cmake', 'python']
[0.464s] Level 1:colcon.colcon_core.package_identification:_identify(/home/prashanth/Documents/acc_unit) by extension 'cmake'
[0.464s] Level 1:colcon.colcon_core.package_identification:_identify(/home/prashanth/Documents/acc_unit) by extension 'python'
[0.464s] Level 1:colcon.colcon_core.package_identification:_identify(/home/prashanth/Documents/acc_unit) by extensions ['python_setup_py']
[0.464s] Level 1:colcon.colcon_core.package_identification:_identify(/home/prashanth/Documents/acc_unit) by extension 'python_setup_py'
[0.464s] Level 1:colcon.colcon_core.package_identification:_identify(/home/prashanth/Documents/acc_unit/log) by extensions ['ignore', 'ignore_ament_install']
[0.464s] Level 1:colcon.colcon_core.package_identification:_identify(/home/prashanth/Documents/acc_unit/log) by extension 'ignore'
[0.464s] Level 1:colcon.colcon_core.package_identification:_identify(/home/prashanth/Documents/acc_unit/log) ignored
[0.464s] Level 1:colcon.colcon_core.package_identification:_identify(/home/prashanth/Documents/acc_unit/src) by extensions ['ignore', 'ignore_ament_install']
[0.465s] Level 1:colcon.colcon_core.package_identification:_identify(/home/prashanth/Documents/acc_unit/src) by extension 'ignore'
[0.465s] Level 1:colcon.colcon_core.package_identification:_identify(/home/prashanth/Documents/acc_unit/src) by extension 'ignore_ament_install'
[0.465s] Level 1:colcon.colcon_core.package_identification:_identify(/home/prashanth/Documents/acc_unit/src) by extensions ['colcon_pkg']
[0.465s] Level 1:colcon.colcon_core.package_identification:_identify(/home/prashanth/Documents/acc_unit/src) by extension 'colcon_pkg'
[0.465s] Level 1:colcon.colcon_core.package_identification:_identify(/home/prashanth/Documents/acc_unit/src) by extensions ['colcon_meta']
[0.465s] Level 1:colcon.colcon_core.package_identification:_identify(/home/prashanth/Documents/acc_unit/src) by extension 'colcon_meta'
[0.465s] Level 1:colcon.colcon_core.package_identification:_identify(/home/prashanth/Documents/acc_unit/src) by extensions ['ros']
[0.465s] Level 1:colcon.colcon_core.package_identification:_identify(/home/prashanth/Documents/acc_unit/src) by extension 'ros'
[0.465s] Level 1:colcon.colcon_core.package_identification:_identify(/home/prashanth/Documents/acc_unit/src) by extensions ['cmake', 'python']
[0.465s] Level 1:colcon.colcon_core.package_identification:_identify(/home/prashanth/Documents/acc_unit/src) by extension 'cmake'
[0.465s] Level 1:colcon.colcon_core.package_identification:_identify(/home/prashanth/Documents/acc_unit/src) by extension 'python'
[0.465s] Level 1:colcon.colcon_core.package_identification:_identify(/home/prashanth/Documents/acc_unit/src) by extensions ['python_setup_py']
[0.465s] Level 1:colcon.colcon_core.package_identification:_identify(/home/prashanth/Documents/acc_unit/src) by extension 'python_setup_py'
[0.465s] Level 1:colcon.colcon_core.package_identification:_identify(/home/prashanth/Documents/acc_unit/src/control) by extensions ['ignore', 'ignore_ament_install']
[0.465s] Level 1:colcon.colcon_core.package_identification:_identify(/home/prashanth/Documents/acc_unit/src/control) by extension 'ignore'
[0.465s] Level 1:colcon.colcon_core.package_identification:_identify(/home/prashanth/Documents/acc_unit/src/control) by extension 'ignore_ament_install'
[0.465s] Level 1:colcon.colcon_core.package_identification:_identify(/home/prashanth/Documents/acc_unit/src/control) by extensions ['colcon_pkg']
[0.466s] Level 1:colcon.colcon_core.package_identification:_identify(/home/prashanth/Documents/acc_unit/src/control) by extension 'colcon_pkg'
[0.466s] Level 1:colcon.colcon_core.package_identification:_identify(/home/prashanth/Documents/acc_unit/src/control) by extensions ['colcon_meta']
[0.466s] Level 1:colcon.colcon_core.package_identification:_identify(/home/prashanth/Documents/acc_unit/src/control) by extension 'colcon_meta'
[0.466s] Level 1:colcon.colcon_core.package_identification:_identify(/home/prashanth/Documents/acc_unit/src/control) by extensions ['ros']
[0.466s] Level 1:colcon.colcon_core.package_identification:_identify(/home/prashanth/Documents/acc_unit/src/control) by extension 'ros'
[0.466s] Level 1:colcon.colcon_core.package_identification:_identify(/home/prashanth/Documents/acc_unit/src/control) by extensions ['cmake', 'python']
[0.466s] Level 1:colcon.colcon_core.package_identification:_identify(/home/prashanth/Documents/acc_unit/src/control) by extension 'cmake'
[0.466s] Level 1:colcon.colcon_core.package_identification:_identify(/home/prashanth/Documents/acc_unit/src/control) by extension 'python'
[0.466s] Level 1:colcon.colcon_core.package_identification:_identify(/home/prashanth/Documents/acc_unit/src/control) by extensions ['python_setup_py']
[0.466s] Level 1:colcon.colcon_core.package_identification:_identify(/home/prashanth/Documents/acc_unit/src/control) by extension 'python_setup_py'
[0.466s] Level 1:colcon.colcon_core.package_identification:_identify(/home/prashanth/Documents/acc_unit/src/control/longitudinal_control) by extensions ['ignore', 'ignore_ament_install']
[0.466s] Level 1:colcon.colcon_core.package_identification:_identify(/home/prashanth/Documents/acc_unit/src/control/longitudinal_control) by extension 'ignore'
[0.466s] Level 1:colcon.colcon_core.package_identification:_identify(/home/prashanth/Documents/acc_unit/src/control/longitudinal_control) by extension 'ignore_ament_install'
[0.467s] Level 1:colcon.colcon_core.package_identification:_identify(/home/prashanth/Documents/acc_unit/src/control/longitudinal_control) by extensions ['colcon_pkg']
[0.467s] Level 1:colcon.colcon_core.package_identification:_identify(/home/prashanth/Documents/acc_unit/src/control/longitudinal_control) by extension 'colcon_pkg'
[0.467s] Level 1:colcon.colcon_core.package_identification:_identify(/home/prashanth/Documents/acc_unit/src/control/longitudinal_control) by extensions ['colcon_meta']
[0.467s] Level 1:colcon.colcon_core.package_identification:_identify(/home/prashanth/Documents/acc_unit/src/control/longitudinal_control) by extension 'colcon_meta'
[0.467s] Level 1:colcon.colcon_core.package_identification:_identify(/home/prashanth/Documents/acc_unit/src/control/longitudinal_control) by extensions ['ros']
[0.467s] Level 1:colcon.colcon_core.package_identification:_identify(/home/prashanth/Documents/acc_unit/src/control/longitudinal_control) by extension 'ros'
[0.470s] DEBUG:colcon.colcon_core.package_identification:Package '/home/prashanth/Documents/acc_unit/src/control/longitudinal_control' with type 'ros.ament_cmake' and name 'longitudinal_control'
[0.470s] Level 1:colcon.colcon_core.package_identification:_identify(/home/prashanth/Documents/acc_unit/src/detections) by extensions ['ignore', 'ignore_ament_install']
[0.471s] Level 1:colcon.colcon_core.package_identification:_identify(/home/prashanth/Documents/acc_unit/src/detections) by extension 'ignore'
[0.471s] Level 1:colcon.colcon_core.package_identification:_identify(/home/prashanth/Documents/acc_unit/src/detections) by extension 'ignore_ament_install'
[0.471s] Level 1:colcon.colcon_core.package_identification:_identify(/home/prashanth/Documents/acc_unit/src/detections) by extensions ['colcon_pkg']
[0.471s] Level 1:colcon.colcon_core.package_identification:_identify(/home/prashanth/Documents/acc_unit/src/detections) by extension 'colcon_pkg'
[0.471s] Level 1:colcon.colcon_core.package_identification:_identify(/home/prashanth/Documents/acc_unit/src/detections) by extensions ['colcon_meta']
[0.471s] Level 1:colcon.colcon_core.package_identification:_identify(/home/prashanth/Documents/acc_unit/src/detections) by extension 'colcon_meta'
[0.471s] Level 1:colcon.colcon_core.package_identification:_identify(/home/prashanth/Documents/acc_unit/src/detections) by extensions ['ros']
[0.471s] Level 1:colcon.colcon_core.package_identification:_identify(/home/prashanth/Documents/acc_unit/src/detections) by extension 'ros'
[0.471s] Level 1:colcon.colcon_core.package_identification:_identify(/home/prashanth/Documents/acc_unit/src/detections) by extensions ['cmake', 'python']
[0.471s] Level 1:colcon.colcon_core.package_identification:_identify(/home/prashanth/Documents/acc_unit/src/detections) by extension 'cmake'
[0.471s] Level 1:colcon.colcon_core.package_identification:_identify(/home/prashanth/Documents/acc_unit/src/detections) by extension 'python'
[0.471s] Level 1:colcon.colcon_core.package_identification:_identify(/home/prashanth/Documents/acc_unit/src/detections) by extensions ['python_setup_py']
[0.471s] Level 1:colcon.colcon_core.package_identification:_identify(/home/prashanth/Documents/acc_unit/src/detections) by extension 'python_setup_py'
[0.471s] Level 1:colcon.colcon_core.package_identification:_identify(/home/prashanth/Documents/acc_unit/src/detections/radar_front_object_detector) by extensions ['ignore', 'ignore_ament_install']
[0.472s] Level 1:colcon.colcon_core.package_identification:_identify(/home/prashanth/Documents/acc_unit/src/detections/radar_front_object_detector) by extension 'ignore'
[0.472s] Level 1:colcon.colcon_core.package_identification:_identify(/home/prashanth/Documents/acc_unit/src/detections/radar_front_object_detector) by extension 'ignore_ament_install'
[0.472s] Level 1:colcon.colcon_core.package_identification:_identify(/home/prashanth/Documents/acc_unit/src/detections/radar_front_object_detector) by extensions ['colcon_pkg']
[0.472s] Level 1:colcon.colcon_core.package_identification:_identify(/home/prashanth/Documents/acc_unit/src/detections/radar_front_object_detector) by extension 'colcon_pkg'
[0.472s] Level 1:colcon.colcon_core.package_identification:_identify(/home/prashanth/Documents/acc_unit/src/detections/radar_front_object_detector) by extensions ['colcon_meta']
[0.472s] Level 1:colcon.colcon_core.package_identification:_identify(/home/prashanth/Documents/acc_unit/src/detections/radar_front_object_detector) by extension 'colcon_meta'
[0.472s] Level 1:colcon.colcon_core.package_identification:_identify(/home/prashanth/Documents/acc_unit/src/detections/radar_front_object_detector) by extensions ['ros']
[0.472s] Level 1:colcon.colcon_core.package_identification:_identify(/home/prashanth/Documents/acc_unit/src/detections/radar_front_object_detector) by extension 'ros'
[0.473s] DEBUG:colcon.colcon_core.package_identification:Package '/home/prashanth/Documents/acc_unit/src/detections/radar_front_object_detector' with type 'ros.ament_cmake' and name 'radar_front_object_detector'
[0.473s] Level 1:colcon.colcon_core.package_discovery:discover_packages(recursive) using defaults
